docker-compose : warning: unused import: `super::single_string::parse_single_string`
所在位置 行:1 字符: 1
+ docker-compose run --rm dev cargo test --test test_read_generated_rds ...
+ ~~~~~~~~~~~~~~~~~~~~~~~~~~~~~~~~~~~~~~~~~~~~~~~~~~~~~~~~~~~~~~~~~~~~~
    + CategoryInfo          : NotSpecified: (warning: unused..._single_string`:String) [], RemoteException
    + FullyQualifiedErrorId : NativeCommandError
 
  --> src/rds/parse/symbol.rs:11:5
   |
11 | use super::single_string::parse_single_string;
   |     ^^^^^^^^^^^^^^^^^^^^^^^^^^^^^^^^^^^^^^^^^
   |
   = note: `#[warn(unused_imports)]` (part of `#[warn(unused)]`) on by default

warning: unused import: `get_reference_index`
  --> src/rds/parse/symbol.rs:14:37
   |
14 | use super::header::{encoding_flags, get_reference_index};
   |                                     ^^^^^^^^^^^^^^^^^^^

warning: unused import: `super::attributes::write_attributes`
  --> src/rds/write/s4.rs:13:5
   |
13 | use super::attributes::write_attributes;
   |     ^^^^^^^^^^^^^^^^^^^^^^^^^^^^^^^^^^^

warning: unused import: `PairList`
  --> src/seurat/assay5.rs:34:52
   |
34 | use crate::rds2::{RObject, RdsFile, GenericVector, PairList};
   |                                                    ^^^^^^^^

warning: unused variable: `n_rows`
    --> src/anndata/streaming.rs:1256:13
     |
1256 |         let n_rows = end_row - start_row;
     |             ^^^^^^ help: if this is intentional, prefix it with an underscore: `_n_rows`
     |
     = note: `#[warn(unused_variables)]` (part of `#[warn(unused)]`) on by default

warning: variable does not need to be mutable
  --> src/rds/parse/external_pointer.rs:17:9
   |
17 |     let mut ptr = ExternalPointer::with_values(*protection, *tag);
   |         ----^^^
   |         |
   |         help: remove this `mut`
   |
   = note: `#[warn(unused_mut)]` (part of `#[warn(unused)]`) on by default

warning: unused variable: `expected_cells`
   --> src/seurat/seurat_to_ir.rs:671:5
    |
671 |     expected_cells: usize,
    |     ^^^^^^^^^^^^^^ help: if this is intentional, prefix it with an underscore: `_expected_cells`

warning: function `parse_single_string` is never used
  --> src/rds2/parse/atomic.rs:92:8
   |
92 | pub fn parse_single_string<R: Read>(reader: &mut ByteReader<R>) -> Rds2Result<StringInfo> {
   |        ^^^^^^^^^^^^^^^^^^^
   |
   = note: `#[warn(dead_code)]` (part of `#[warn(unused)]`) on by default

warning: function `parse_string_body` is never used
   --> src/rds2/parse/atomic.rs:219:8
    |
219 | pub fn parse_string_body<R: Read>(reader: &mut ByteReader<R>) -> Rds2Result<StringVector> {
    |        ^^^^^^^^^^^^^^^^^

warning: `crosscell` (lib) generated 9 warnings (run `cargo fix --lib -p crosscell` to apply 7 suggestions)
    Finished `test` profile [unoptimized + debuginfo] target(s) in 3.94s
     Running tests/test_read_generated_rds.rs (target/debug/deps/test_read_generated_rds-202522037b52034c)

running 1 test

娴嬭瘯璇诲彇 Seurat V4 pbmc3k processed...
[DEBUG pairlist] parsed value type: Discriminant(4)
[DEBUG pairlist] next_header: [0, 0, 4, 2]
[DEBUG pairlist] parsed value type: Discriminant(4)
[DEBUG pairlist] next_header: [0, 0, 4, 2]
[DEBUG pairlist] parsed value type: Discriminant(4)
[DEBUG pairlist] next_header: [0, 0, 4, 2]
[DEBUG pairlist] parsed value type: Discriminant(10)
[DEBUG pairlist] next_header: [0, 0, 4, 2]
[DEBUG pairlist] parsed value type: Discriminant(6)
[DEBUG pairlist] next_header: [0, 0, 4, 2]
[DEBUG pairlist] parsed value type: Discriminant(10)
[DEBUG pairlist] next_header: [0, 0, 4, 2]
[DEBUG attr_body] iteration 1, header: [0, 0, 4, 2]
[DEBUG attr_body] tag_name: package
[DEBUG attr_body] value type: Discriminant(9)
[DEBUG attr_body] next header: [0, 0, 0, 254]
[DEBUG attr_body] terminator found, done with 1 attributes
[DEBUG pairlist] parsed value type: Discriminant(9)
[DEBUG pairlist] next_header: [0, 0, 0, 254]
[DEBUG pairlist] terminator found, done
[DEBUG pairlist] parsed value type: Discriminant(12)
[DEBUG pairlist] next_header: [0, 0, 4, 2]
[DEBUG pairlist] parsed value type: Discriminant(4)
[DEBUG pairlist] next_header: [0, 0, 4, 2]
[DEBUG pairlist] parsed value type: Discriminant(4)
[DEBUG pairlist] next_header: [0, 0, 4, 2]
[DEBUG pairlist] parsed value type: Discriminant(4)
[DEBUG pairlist] next_header: [0, 0, 4, 2]
[DEBUG pairlist] parsed value type: Discriminant(10)
[DEBUG pairlist] next_header: [0, 0, 4, 2]
[DEBUG pairlist] parsed value type: Discriminant(6)
[DEBUG pairlist] next_header: [0, 0, 4, 2]
[DEBUG pairlist] parsed value type: Discriminant(10)
[DEBUG pairlist] next_header: [0, 0, 4, 2]
[DEBUG attr_body] iteration 1, header: [0, 0, 4, 2]
[DEBUG attr_body] tag_name: Dim
[DEBUG attr_body] value type: Discriminant(9)
[DEBUG attr_body] next header: [0, 0, 0, 254]
[DEBUG attr_body] terminator found, done with 1 attributes
[DEBUG pairlist] parsed value type: Discriminant(9)
[DEBUG pairlist] next_header: [0, 0, 0, 254]
[DEBUG pairlist] terminator found, done
[DEBUG pairlist] parsed value type: Discriminant(12)
[DEBUG pairlist] next_header: [0, 0, 4, 2]
[DEBUG attr_body] iteration 1, header: [0, 0, 4, 2]
[DEBUG attr_body] tag_name: dim
[DEBUG attr_body] value type: Discriminant(4)
[DEBUG attr_body] next header: [0, 0, 4, 2]
[DEBUG attr_body] iteration 2, header: [0, 0, 4, 2]
[DEBUG attr_body] tag_name: dimnames
[DEBUG attr_body] value type: Discriminant(10)
[DEBUG attr_body] next header: [0, 0, 0, 254]
[DEBUG attr_body] terminator found, done with 2 attributes
[DEBUG pairlist] parsed value type: Discriminant(6)
[DEBUG pairlist] next_header: [0, 0, 4, 2]
[DEBUG pairlist] parsed value type: Discriminant(9)
[DEBUG pairlist] next_header: [0, 0, 4, 2]
[DEBUG pairlist] parsed value type: Discriminant(1)
[DEBUG pairlist] next_header: [0, 0, 4, 2]
[DEBUG pairlist] parsed value type: Discriminant(9)
[DEBUG pairlist] next_header: [0, 0, 4, 2]
[DEBUG attr_body] iteration 1, header: [0, 0, 4, 2]
[DEBUG attr_body] tag_name: row.names
[DEBUG attr_body] value type: Discriminant(9)
[DEBUG attr_body] next header: [0, 0, 4, 2]
[DEBUG attr_body] iteration 2, header: [0, 0, 4, 2]
[DEBUG attr_body] tag_name: names
[DEBUG attr_body] value type: Discriminant(9)
[DEBUG attr_body] next header: [0, 0, 4, 2]
[DEBUG attr_body] iteration 3, header: [0, 0, 4, 2]
[DEBUG attr_body] tag_name: Dim
[DEBUG attr_body] value type: Discriminant(9)
[DEBUG attr_body] next header: [0, 0, 0, 254]
[DEBUG attr_body] terminator found, done with 3 attributes
[DEBUG pairlist] parsed value type: Discriminant(10)
[DEBUG pairlist] next_header: [0, 0, 4, 2]
[DEBUG pairlist] parsed value type: Discriminant(9)
[DEBUG pairlist] next_header: [0, 0, 4, 2]
[DEBUG attr_body] iteration 1, header: [0, 0, 4, 2]
[DEBUG attr_body] tag_name: Dim
[DEBUG attr_body] value type: Discriminant(9)
[DEBUG attr_body] next header: [0, 0, 0, 254]
[DEBUG attr_body] terminator found, done with 1 attributes
[DEBUG pairlist] parsed value type: Discriminant(9)
[DEBUG pairlist] next_header: [0, 0, 0, 254]
[DEBUG pairlist] terminator found, done
[DEBUG attr_body] iteration 1, header: [0, 0, 4, 2]
[DEBUG attr_body] tag_name: RP11-54O7.17
[DEBUG attr_body] value type: Discriminant(9)
[DEBUG attr_body] next header: [0, 0, 0, 254]
[DEBUG attr_body] terminator found, done with 1 attributes
[DEBUG pairlist] parsed value type: Discriminant(10)
[DEBUG pairlist] next_header: [0, 0, 4, 2]
[DEBUG attr_body] iteration 1, header: [0, 0, 4, 2]
[DEBUG attr_body] tag_name: levels
[DEBUG attr_body] value type: Discriminant(9)
[DEBUG attr_body] next header: [0, 0, 4, 2]
[DEBUG attr_body] iteration 2, header: [0, 0, 4, 2]
[DEBUG attr_body] tag_name: Dim
[DEBUG attr_body] value type: Discriminant(9)
[DEBUG attr_body] next header: [0, 0, 0, 254]
[DEBUG attr_body] terminator found, done with 2 attributes
[DEBUG attr_body] iteration 1, header: [0, 0, 4, 2]
[DEBUG attr_body] tag_name: ISG15
[DEBUG attr_body] value type: Discriminant(9)
[DEBUG attr_body] next header: [0, 0, 4, 2]
[DEBUG attr_body] iteration 2, header: [0, 0, 4, 2]
[DEBUG attr_body] tag_name: Dim
[DEBUG attr_body] value type: Discriminant(9)
[DEBUG attr_body] next header: [0, 0, 0, 254]
[DEBUG attr_body] terminator found, done with 2 attributes
[DEBUG attr_body] iteration 1, header: [0, 0, 4, 2]
[DEBUG attr_body] tag_name: ISG15
[DEBUG attr_body] value type: Discriminant(9)
[DEBUG attr_body] next header: [0, 0, 4, 2]
[DEBUG attr_body] iteration 2, header: [0, 0, 4, 2]
[DEBUG attr_body] tag_name: Dim
[DEBUG attr_body] value type: Discriminant(9)
[DEBUG attr_body] next header: [0, 0, 0, 254]
[DEBUG attr_body] terminator found, done with 2 attributes
[DEBUG altrep] description header: [0, 0, 0, 2]
[DEBUG pairlist] parsed value type: Discriminant(1)
[DEBUG pairlist] next_header: [0, 0, 0, 2]
[DEBUG pairlist] parsed value type: Discriminant(1)
[DEBUG pairlist] next_header: [0, 0, 0, 2]
[DEBUG pairlist] parsed value type: Discriminant(4)
[DEBUG pairlist] next_header: [0, 0, 0, 254]
[DEBUG pairlist] terminator found, done
[DEBUG altrep] description pairlist has 3 elements
[DEBUG altrep] type symbol: wrap_integer
[DEBUG wrap_integer] plist_header: [0, 0, 0, 2]
[DEBUG attr_body] iteration 1, header: [0, 0, 4, 2]
[DEBUG attr_body] tag_name: RP11-54O7.17
[DEBUG attr_body] value type: Discriminant(9)
[DEBUG attr_body] next header: [0, 0, 4, 2]
[DEBUG attr_body] iteration 2, header: [0, 0, 4, 2]
[DEBUG attr_body] tag_name: ISG15
[DEBUG attr_body] value type: Discriminant(9)
[DEBUG attr_body] next header: [0, 0, 4, 2]
[DEBUG attr_body] iteration 3, header: [0, 0, 4, 2]
[DEBUG attr_body] tag_name: Dim
[DEBUG attr_body] value type: Discriminant(9)
[DEBUG attr_body] next header: [0, 0, 0, 254]
[DEBUG attr_body] terminator found, done with 3 attributes
[DEBUG wrap_integer] contents: IntegerVector with 2700 elements, existing attrs: ["RP11-54O7.17", "ISG15", "Dim"]
[DEBUG wrap_integer] meta_header: [0, 0, 0, 13]
[DEBUG wrap_integer] metadata: [-2147483648, 0]
[DEBUG wrap_integer] attr_header: [0, 0, 4, 2]
[DEBUG attr_body] iteration 1, header: [0, 0, 4, 2]
[DEBUG attr_body] tag_name: ISG15
[DEBUG attr_body] value type: Discriminant(9)
[DEBUG attr_body] next header: [0, 0, 4, 2]
[DEBUG attr_body] iteration 2, header: [0, 0, 4, 2]
[DEBUG attr_body] tag_name: Dim
[DEBUG attr_body] value type: Discriminant(9)
[DEBUG attr_body] next header: [0, 0, 0, 254]
[DEBUG attr_body] terminator found, done with 2 attributes
[DEBUG wrap_integer] wrapper attributes: 2 items, names: ["ISG15", "Dim"]
[DEBUG wrap_integer] DONE, final attrs: ["RP11-54O7.17", "ISG15", "Dim", "ISG15", "Dim"]
[DEBUG attr_body] iteration 1, header: [0, 0, 4, 2]
[DEBUG attr_body] tag_name: PLEKHN1
[DEBUG attr_body] value type: Discriminant(9)
[DEBUG attr_body] next header: [0, 0, 4, 2]
[DEBUG attr_body] iteration 2, header: [0, 0, 4, 2]
[DEBUG attr_body] tag_name: RP11-54O7.17
[DEBUG attr_body] value type: Discriminant(9)
[DEBUG attr_body] next header: [0, 0, 4, 2]
[DEBUG attr_body] iteration 3, header: [0, 0, 4, 2]
[DEBUG attr_body] tag_name: Dim
[DEBUG attr_body] value type: Discriminant(9)
[DEBUG attr_body] next header: [0, 0, 0, 254]
[DEBUG attr_body] terminator found, done with 3 attributes
[DEBUG pairlist] parsed value type: Discriminant(10)
[DEBUG pairlist] next_header: [0, 0, 4, 2]
[DEBUG pairlist] parsed value type: Discriminant(9)
[DEBUG pairlist] next_header: [0, 0, 4, 2]
[DEBUG attr_body] iteration 1, header: [0, 0, 4, 2]
[DEBUG attr_body] tag_name: RP11-54O7.17
[DEBUG attr_body] value type: Discriminant(9)
[DEBUG attr_body] next header: [0, 0, 4, 2]
[DEBUG attr_body] iteration 2, header: [0, 0, 4, 2]
[DEBUG attr_body] tag_name: ISG15
[DEBUG attr_body] value type: Discriminant(9)
[DEBUG attr_body] next header: [0, 0, 4, 2]
[DEBUG attr_body] iteration 3, header: [0, 0, 4, 2]
[DEBUG attr_body] tag_name: Dim
[DEBUG attr_body] value type: Discriminant(9)
[DEBUG attr_body] next header: [0, 0, 0, 254]
[DEBUG attr_body] terminator found, done with 3 attributes
[DEBUG pairlist] parsed value type: Discriminant(4)
[DEBUG pairlist] next_header: [0, 0, 4, 2]
[DEBUG pairlist] parsed value type: Discriminant(9)
[DEBUG pairlist] next_header: [0, 0, 4, 2]
[DEBUG pairlist] parsed value type: Discriminant(4)
[DEBUG pairlist] next_header: [0, 0, 4, 2]
[DEBUG pairlist] parsed value type: Discriminant(4)
[DEBUG pairlist] next_header: [0, 0, 4, 2]
[DEBUG pairlist] parsed value type: Discriminant(4)
[DEBUG pairlist] next_header: [0, 0, 4, 2]
[DEBUG pairlist] parsed value type: Discriminant(10)
[DEBUG pairlist] next_header: [0, 0, 4, 2]
[DEBUG pairlist] parsed value type: Discriminant(6)
[DEBUG pairlist] next_header: [0, 0, 4, 2]
[DEBUG pairlist] parsed value type: Discriminant(10)
[DEBUG pairlist] next_header: [0, 0, 4, 2]
[DEBUG attr_body] iteration 1, header: [0, 0, 4, 2]
[DEBUG attr_body] tag_name: Dim
[DEBUG attr_body] value type: Discriminant(9)
[DEBUG attr_body] next header: [0, 0, 0, 254]
[DEBUG attr_body] terminator found, done with 1 attributes
[DEBUG pairlist] parsed value type: Discriminant(9)
[DEBUG pairlist] next_header: [0, 0, 0, 254]
[DEBUG pairlist] terminator found, done
[DEBUG pairlist] parsed value type: Discriminant(9)
[DEBUG pairlist] next_header: [0, 0, 4, 2]
[DEBUG pairlist] parsed value type: Discriminant(4)
[DEBUG pairlist] next_header: [0, 0, 4, 2]
[DEBUG pairlist] parsed value type: Discriminant(4)
[DEBUG pairlist] next_header: [0, 0, 4, 2]
[DEBUG pairlist] parsed value type: Discriminant(4)
[DEBUG pairlist] next_header: [0, 0, 4, 2]
[DEBUG pairlist] parsed value type: Discriminant(10)
[DEBUG pairlist] next_header: [0, 0, 4, 2]
[DEBUG pairlist] parsed value type: Discriminant(6)
[DEBUG pairlist] next_header: [0, 0, 4, 2]
[DEBUG pairlist] parsed value type: Discriminant(10)
[DEBUG pairlist] next_header: [0, 0, 4, 2]
[DEBUG attr_body] iteration 1, header: [0, 0, 4, 2]
[DEBUG attr_body] tag_name: Dim
[DEBUG attr_body] value type: Discriminant(9)
[DEBUG attr_body] next header: [0, 0, 0, 254]
[DEBUG attr_body] terminator found, done with 1 attributes
[DEBUG pairlist] parsed value type: Discriminant(9)
[DEBUG pairlist] next_header: [0, 0, 0, 254]
[DEBUG pairlist] terminator found, done
[DEBUG attr_body] iteration 1, header: [0, 0, 4, 2]
[DEBUG attr_body] tag_name: RP11-54O7.17
[DEBUG attr_body] value type: Discriminant(9)
[DEBUG attr_body] next header: [0, 0, 0, 254]
[DEBUG attr_body] terminator found, done with 1 attributes
[DEBUG pairlist] parsed value type: Discriminant(10)
[DEBUG pairlist] next_header: [0, 0, 4, 2]
[DEBUG pairlist] parsed value type: Discriminant(10)
[DEBUG pairlist] next_header: [0, 0, 4, 2]
[DEBUG altrep] description header: [0, 0, 0, 2]
[DEBUG pairlist] parsed value type: Discriminant(1)
[DEBUG pairlist] next_header: [0, 0, 0, 2]
[DEBUG pairlist] parsed value type: Discriminant(9)
[DEBUG pairlist] next_header: [0, 0, 0, 2]
[DEBUG pairlist] parsed value type: Discriminant(4)
[DEBUG pairlist] next_header: [0, 0, 0, 254]
[DEBUG pairlist] terminator found, done
[DEBUG altrep] description pairlist has 3 elements
[DEBUG altrep] type symbol: wrap_real
[DEBUG wrap_real] plist_header: [0, 0, 0, 2]
[DEBUG attr_body] iteration 1, header: [0, 0, 4, 2]
[DEBUG attr_body] tag_name: AL627309.1
[DEBUG attr_body] value type: Discriminant(4)
[DEBUG attr_body] next header: [0, 0, 0, 254]
[DEBUG attr_body] terminator found, done with 1 attributes
[DEBUG wrap_real] contents: DoubleVector with 135000 elements, existing attrs: ["AL627309.1"]
[DEBUG wrap_real] meta_header: [0, 0, 0, 13]
[DEBUG wrap_real] metadata: [-2147483648, 0]
[DEBUG wrap_real] attr_header: [0, 0, 4, 2]
[DEBUG attr_body] iteration 1, header: [0, 0, 4, 2]
[DEBUG attr_body] tag_name: AL627309.1
[DEBUG attr_body] value type: Discriminant(4)
[DEBUG attr_body] next header: [0, 0, 4, 2]
[DEBUG attr_body] iteration 2, header: [0, 0, 4, 2]
[DEBUG attr_body] tag_name: AP006222.2
[DEBUG attr_body] value type: Discriminant(10)
[DEBUG attr_body] next header: [0, 0, 0, 254]
[DEBUG attr_body] terminator found, done with 2 attributes
[DEBUG wrap_real] wrapper attributes: 2 items, names: ["AL627309.1", "AP006222.2"]
[DEBUG wrap_real] DONE, final attrs: ["AL627309.1", "AL627309.1", "AP006222.2"]
[DEBUG pairlist] parsed value type: Discriminant(6)
[DEBUG pairlist] next_header: [0, 0, 4, 2]
[DEBUG altrep] description header: [0, 0, 0, 2]
[DEBUG pairlist] parsed value type: Discriminant(9)
[DEBUG pairlist] next_header: [0, 0, 0, 2]
[DEBUG pairlist] parsed value type: Discriminant(9)
[DEBUG pairlist] next_header: [0, 0, 0, 2]
[DEBUG pairlist] parsed value type: Discriminant(4)
[DEBUG pairlist] next_header: [0, 0, 0, 254]
[DEBUG pairlist] terminator found, done
[DEBUG altrep] description pairlist has 3 elements
鉂?璇诲彇澶辫触: Parse error in altrep: Expected type specification symbol in ALTREP description, got StringVector(StringVector { data: ["PUSL1"], encodings: [Latin1], missing: [false], attributes: Attributes { names: [], encodings: [], values: [] } })
test test_read_seurat_v4_pbmc3k_processed ... ok

test result: ok. 1 passed; 0 failed; 0 ignored; 0 measured; 6 filtered out; finished in 2.09s

